[dotenv@17.3.1] injecting env (13) from .env -- tip: ΓÜÖ∩╕Å  suppress all logs with { quiet: true }
Testing gemini-3.1-flash-lite...
Γ¥î FAIL: gemini-3.1-flash-lite - [VertexAI.ClientError]: got status: 404 Not Found. {"error":{"code":404,"message":"Publisher Model `projects/revenue-engine-v01/locations/us-central1/publishers/google/models/gemini-3.1-flash-lite` was not found or your project does not have access to it. Please ensure you are using a valid model version. For more information, see: https://cloud.google.com/vertex-ai/generative-ai/docs/learn/model-versions","status":"NOT_FOUND"}}
Testing gemini-3.1-pro...
Γ¥î FAIL: gemini-3.1-pro - [VertexAI.ClientError]: got status: 404 Not Found. {"error":{"code":404,"message":"Publisher Model `projects/revenue-engine-v01/locations/us-central1/publishers/google/models/gemini-3.1-pro` was not found or your project does not have access to it. Please ensure you are using a valid model version. For more information, see: https://cloud.google.com/vertex-ai/generative-ai/docs/learn/model-versions","status":"NOT_FOUND"}}
Testing gemini-3-flash...
Γ¥î FAIL: gemini-3-flash - [VertexAI.ClientError]: got status: 404 Not Found. {"error":{"code":404,"message":"Publisher Model `projects/revenue-engine-v01/locations/us-central1/publishers/google/models/gemini-3-flash` was not found or your project does not have access to it. Please ensure you are using a valid model version. For more information, see: https://cloud.google.com/vertex-ai/generative-ai/docs/learn/model-versions","status":"NOT_FOUND"}}
Testing gemini-3-pro...
Γ¥î FAIL: gemini-3-pro - [VertexAI.ClientError]: got status: 404 Not Found. {"error":{"code":404,"message":"Publisher Model `projects/revenue-engine-v01/locations/us-central1/publishers/google/models/gemini-3-pro` was not found or your project does not have access to it. Please ensure you are using a valid model version. For more information, see: https://cloud.google.com/vertex-ai/generative-ai/docs/learn/model-versions","status":"NOT_FOUND"}}
Testing gemini-1.5-flash...
Γ¥î FAIL: gemini-1.5-flash - [VertexAI.ClientError]: got status: 404 Not Found. {"error":{"code":404,"message":"Publisher Model `projects/revenue-engine-v01/locations/us-central1/publishers/google/models/gemini-1.5-flash` was not found or your project does not have access to it. Please ensure you are using a valid model version. For more information, see: https://cloud.google.com/vertex-ai/generative-ai/docs/learn/model-versions","status":"NOT_FOUND"}}
Testing gemini-1.5-pro...
Γ¥î FAIL: gemini-1.5-pro - [VertexAI.ClientError]: got status: 404 Not Found. {"error":{"code":404,"message":"Publisher Model `projects/revenue-engine-v01/locations/us-central1/publishers/google/models/gemini-1.5-pro` was not found or your project does not have access to it. Please ensure you are using a valid model version. For more information, see: https://cloud.google.com/vertex-ai/generative-ai/docs/learn/model-versions","status":"NOT_FOUND"}}
